// Jest Snapshot v1, https://goo.gl/fbAQLP

exports[`ControlError It should render. 1`] = `
<div>
  <span
    class="ControlError"
  >
    Control error
  </span>
</div>
`;
