// Jest Snapshot v1, https://goo.gl/fbAQLP

exports[`Pagination It should render. 1`] = `
<div>
  <div
    class="Pagination"
  />
</div>
`;
