// Jest Snapshot v1, https://goo.gl/fbAQLP

exports[`TextField It should render. 1`] = `
<div>
  <div>
    <input
      class="TextFieldInput"
      id="text-field-1"
      value=""
    />
  </div>
</div>
`;
