// Jest Snapshot v1, https://goo.gl/fbAQLP

exports[`List It should render. 1`] = `
<div>
  <div
    class="List"
  />
</div>
`;
