// Jest Snapshot v1, https://goo.gl/fbAQLP

exports[`Nav It should render. 1`] = `
<div>
  <nav>
    <ul
      class="NavList"
    />
  </nav>
</div>
`;
