// Jest Snapshot v1, https://goo.gl/fbAQLP

exports[`Card It should render. 1`] = `
<div>
  <div
    class="Card"
  >
    Card
  </div>
</div>
`;
