// Jest Snapshot v1, https://goo.gl/fbAQLP

exports[`VisuallyHidden It should render. 1`] = `
<div>
  <span
    class="VisuallyHidden"
  >
    VisuallyHidden
  </span>
</div>
`;
