// Jest Snapshot v1, https://goo.gl/fbAQLP

exports[`Tabs It should render. 1`] = `
<div>
  <div
    class="TabsList"
    role="tablist"
  />
  Tabs
</div>
`;
