// Jest Snapshot v1, https://goo.gl/fbAQLP

exports[`A11YLive It should render. 1`] = `
<div>
  <span
    class="VisuallyHidden"
  >
    <div
      aria-live="assertive"
    />
    <div
      aria-live="polite"
    />
  </span>
</div>
`;
